// Jest Snapshot v1, https://goo.gl/fbAQLP

exports[`GamesPage component should render as expected 1`] = `<Connect(GamesPage) />`;
