// Jest Snapshot v1, https://goo.gl/fbAQLP

exports[`GameFormPage component should render as expected 1`] = `<Connect(GameFormPage) />`;
